ARM Linker, 4.1 [Build 791] [Professional (MDK + RL-ARM)]

==============================================================================

Section Cross References

    main.o(.text) refers to _printf_percent.o(.ARM.Collect$$_printf_percent$$00000000) for _printf_percent
    main.o(.text) refers to _printf_c.o(.ARM.Collect$$_printf_percent$$00000013) for _printf_c
    main.o(.text) refers to _printf_str.o(.text) for _printf_str
    main.o(.text) refers to delay.o(.text) for delay_init
    main.o(.text) refers to noretval__2printf.o(.text) for __2printf
    main.o(.text) refers to stm32f4xx_gpio.o(.text) for GPIO_SetBits
    main.o(.text) refers to main.o(.data) for usebootfun
    system_stm32f4xx.o(.text) refers to system_stm32f4xx.o(.data) for SystemCoreClock
    delay.o(.text) refers to misc.o(.text) for SysTick_CLKSourceConfig
    delay.o(.text) refers to delay.o(.data) for fac_us
    usart.o(.emb_text) refers (Special) to use_no_semi_2.o(.text) for __use_no_semihosting
    usart.o(.text) refers (Special) to use_no_semi_2.o(.text) for __use_no_semihosting
    usart.o(.text) refers to stm32f4xx_rcc.o(.text) for RCC_AHB1PeriphClockCmd
    usart.o(.text) refers to stm32f4xx_gpio.o(.text) for GPIO_PinAFConfig
    usart.o(.text) refers to stm32f4xx_usart.o(.text) for USART_Init
    usart.o(.text) refers to misc.o(.text) for NVIC_Init
    usart.o(.text) refers to usart.o(.data) for USART_RX_STA
    usart.o(.text) refers to usart.o(.bss) for USART_RX_BUF
    usart.o(.bss) refers (Special) to use_no_semi_2.o(.text) for __use_no_semihosting
    usart.o(.data) refers (Special) to use_no_semi_2.o(.text) for __use_no_semihosting
    startup_stm32f40_41xxx.o(STACK) refers (Special) to heapauxi.o(.text) for __use_two_region_memory
    startup_stm32f40_41xxx.o(HEAP) refers (Special) to heapauxi.o(.text) for __use_two_region_memory
    startup_stm32f40_41xxx.o(RESET) refers (Special) to heapauxi.o(.text) for __use_two_region_memory
    startup_stm32f40_41xxx.o(RESET) refers to main.o(.text) for appmain
    startup_stm32f40_41xxx.o(RESET) refers to stm32f4xx_it.o(.text) for NMI_Handler
    startup_stm32f40_41xxx.o(RESET) refers to startup_stm32f40_41xxx.o(.text) for WWDG_IRQHandler
    startup_stm32f40_41xxx.o(RESET) refers to usart.o(.text) for USART1_IRQHandler
    startup_stm32f40_41xxx.o(.text) refers (Special) to heapauxi.o(.text) for __use_two_region_memory
    startup_stm32f40_41xxx.o(.text) refers to main.o(.text) for appmain
    startup_stm32f40_41xxx.o(.text) refers to startup_stm32f40_41xxx.o(HEAP) for Heap_Mem
    startup_stm32f40_41xxx.o(.text) refers to startup_stm32f40_41xxx.o(STACK) for Stack_Mem
    stm32f4xx_gpio.o(.text) refers to stm32f4xx_rcc.o(.text) for RCC_AHB1PeriphResetCmd
    stm32f4xx_rcc.o(.text) refers to stm32f4xx_rcc.o(.data) for APBAHBPrescTable
    stm32f4xx_syscfg.o(.text) refers to stm32f4xx_rcc.o(.text) for RCC_APB2PeriphResetCmd
    stm32f4xx_usart.o(.text) refers to stm32f4xx_rcc.o(.text) for RCC_APB2PeriphResetCmd
    use_no_semi_2.o(.text) refers (Special) to use_no_semi.o(.text) for __use_no_semihosting_swi
    __2printf.o(.text) refers to _printf_char_file.o(.text) for _printf_char_file
    __2printf.o(.text) refers to usart.o(.data) for __stdout
    noretval__2printf.o(.text) refers to _printf_char_file.o(.text) for _printf_char_file
    noretval__2printf.o(.text) refers to usart.o(.data) for __stdout
    __printf.o(.text) refers to _printf_percent.o(.ARM.Collect$$_printf_percent$$00000000) for _printf_percent
    _printf_str.o(.text) refers (Special) to _printf_char.o(.text) for _printf_cs_common
    __printf_flags.o(.text) refers to _printf_percent.o(.ARM.Collect$$_printf_percent$$00000000) for _printf_percent
    __printf_flags.o(.text) refers to __printf_flags.o(.constdata) for .constdata
    __printf_ss.o(.text) refers to _printf_percent.o(.ARM.Collect$$_printf_percent$$00000000) for _printf_percent
    __printf_flags_ss.o(.text) refers to _printf_percent.o(.ARM.Collect$$_printf_percent$$00000000) for _printf_percent
    __printf_flags_ss.o(.text) refers to __printf_flags_ss.o(.constdata) for .constdata
    __printf_wp.o(.text) refers to __printf_wp.o(i._is_digit) for _is_digit
    __printf_wp.o(.text) refers to _printf_percent.o(.ARM.Collect$$_printf_percent$$00000000) for _printf_percent
    __printf_flags_wp.o(.text) refers to __printf_wp.o(i._is_digit) for _is_digit
    __printf_flags_wp.o(.text) refers to _printf_percent.o(.ARM.Collect$$_printf_percent$$00000000) for _printf_percent
    __printf_flags_wp.o(.text) refers to __printf_flags_wp.o(.constdata) for .constdata
    __printf_ss_wp.o(.text) refers to __printf_wp.o(i._is_digit) for _is_digit
    __printf_ss_wp.o(.text) refers to _printf_percent.o(.ARM.Collect$$_printf_percent$$00000000) for _printf_percent
    __printf_flags_ss_wp.o(.text) refers to __printf_wp.o(i._is_digit) for _is_digit
    __printf_flags_ss_wp.o(.text) refers to _printf_percent.o(.ARM.Collect$$_printf_percent$$00000000) for _printf_percent
    __printf_flags_ss_wp.o(.text) refers to __printf_flags_ss_wp.o(.constdata) for .constdata
    _printf_c.o(.ARM.Collect$$_printf_percent$$00000013) refers (Weak) to _printf_char.o(.text) for _printf_char
    _printf_percent.o(.ARM.Collect$$_printf_percent$$00000000) refers (Special) to _printf_percent_end.o(.ARM.Collect$$_printf_percent$$00000017) for _printf_percent_end
    _printf_char.o(.text) refers (Weak) to _printf_str.o(.text) for _printf_str
    _printf_char_file.o(.text) refers to _printf_char_common.o(.text) for _printf_char_common
    _printf_char_file.o(.text) refers to ferror.o(.text) for ferror
    _printf_char_file.o(.text) refers to usart.o(.text) for fputc
    _printf_char_common.o(.text) refers to __printf.o(.text) for __printf


==============================================================================

Image Symbol Table

    Local Symbols

    Symbol Name                              Value     Ov Type        Size  Object(Section)

    ../../angel/sys.s                        0x00000000   Number         0  use_no_semi_2.o ABSOLUTE
    ../../angel/sys.s                        0x00000000   Number         0  use_no_semi.o ABSOLUTE
    ../../heapaux.c                          0x00000000   Number         0  heapauxi.o ABSOLUTE
    ../../printf.c                           0x00000000   Number         0  __printf_nopercent.o ABSOLUTE
    ../../printf.c                           0x00000000   Number         0  _printf_char_common.o ABSOLUTE
    ../../printf.c                           0x00000000   Number         0  __2printf.o ABSOLUTE
    ../../printf.c                           0x00000000   Number         0  noretval__2printf.o ABSOLUTE
    ../../printf.c                           0x00000000   Number         0  __printf.o ABSOLUTE
    ../../printf.c                           0x00000000   Number         0  _printf_str.o ABSOLUTE
    ../../printf.c                           0x00000000   Number         0  _printf_char_file.o ABSOLUTE
    ../../printf.c                           0x00000000   Number         0  _printf_char.o ABSOLUTE
    ../../printf.c                           0x00000000   Number         0  __printf_flags.o ABSOLUTE
    ../../printf.c                           0x00000000   Number         0  __printf_ss.o ABSOLUTE
    ../../printf.c                           0x00000000   Number         0  __printf_ss_wp.o ABSOLUTE
    ../../printf.c                           0x00000000   Number         0  __printf_flags_ss.o ABSOLUTE
    ../../printf.c                           0x00000000   Number         0  __printf_wp.o ABSOLUTE
    ../../printf.c                           0x00000000   Number         0  __printf_flags_wp.o ABSOLUTE
    ../../printf.c                           0x00000000   Number         0  __printf_flags_ss_wp.o ABSOLUTE
    ../../printf_percent.s                   0x00000000   Number         0  _printf_percent_end.o ABSOLUTE
    ../../printf_percent.s                   0x00000000   Number         0  _printf_percent.o ABSOLUTE
    ../../printf_percent.s                   0x00000000   Number         0  _printf_c.o ABSOLUTE
    ../../stdio.c                            0x00000000   Number         0  ferror_locked.o ABSOLUTE
    ../../stdio.c                            0x00000000   Number         0  ferror.o ABSOLUTE
    ..\CORE\startup_stm32f40_41xxx.s         0x00000000   Number         0  startup_stm32f40_41xxx.o ABSOLUTE
    ..\FWLIB\src\misc.c                      0x00000000   Number         0  misc.o ABSOLUTE
    ..\FWLIB\src\stm32f4xx_gpio.c            0x00000000   Number         0  stm32f4xx_gpio.o ABSOLUTE
    ..\FWLIB\src\stm32f4xx_rcc.c             0x00000000   Number         0  stm32f4xx_rcc.o ABSOLUTE
    ..\FWLIB\src\stm32f4xx_syscfg.c          0x00000000   Number         0  stm32f4xx_syscfg.o ABSOLUTE
    ..\FWLIB\src\stm32f4xx_usart.c           0x00000000   Number         0  stm32f4xx_usart.o ABSOLUTE
    ..\HARDWARE\LED\led.c                    0x00000000   Number         0  led.o ABSOLUTE
    ..\SYSTEM\delay\delay.c                  0x00000000   Number         0  delay.o ABSOLUTE
    ..\SYSTEM\sys\sys.c                      0x00000000   Number         0  sys.o ABSOLUTE
    ..\SYSTEM\usart\usart.c                  0x00000000   Number         0  usart.o ABSOLUTE
    ..\\FWLIB\\src\\misc.c                   0x00000000   Number         0  misc.o ABSOLUTE
    ..\\FWLIB\\src\\stm32f4xx_gpio.c         0x00000000   Number         0  stm32f4xx_gpio.o ABSOLUTE
    ..\\FWLIB\\src\\stm32f4xx_rcc.c          0x00000000   Number         0  stm32f4xx_rcc.o ABSOLUTE
    ..\\FWLIB\\src\\stm32f4xx_syscfg.c       0x00000000   Number         0  stm32f4xx_syscfg.o ABSOLUTE
    ..\\FWLIB\\src\\stm32f4xx_usart.c        0x00000000   Number         0  stm32f4xx_usart.o ABSOLUTE
    ..\\HARDWARE\\LED\\led.c                 0x00000000   Number         0  led.o ABSOLUTE
    ..\\SYSTEM\\delay\\delay.c               0x00000000   Number         0  delay.o ABSOLUTE
    ..\\SYSTEM\\sys\\sys.c                   0x00000000   Number         0  sys.o ABSOLUTE
    ..\\SYSTEM\\usart\\usart.c               0x00000000   Number         0  usart.o ABSOLUTE
    dc.s                                     0x00000000   Number         0  dc.o ABSOLUTE
    main.c                                   0x00000000   Number         0  main.o ABSOLUTE
    main.c                                   0x00000000   Number         0  main.o ABSOLUTE
    stm32f4xx_it.c                           0x00000000   Number         0  stm32f4xx_it.o ABSOLUTE
    stm32f4xx_it.c                           0x00000000   Number         0  stm32f4xx_it.o ABSOLUTE
    system_stm32f4xx.c                       0x00000000   Number         0  system_stm32f4xx.o ABSOLUTE
    system_stm32f4xx.c                       0x00000000   Number         0  system_stm32f4xx.o ABSOLUTE
    RESET                                    0x20010000   Section      392  startup_stm32f40_41xxx.o(RESET)
    .ARM.Collect$$_printf_percent$$00000000  0x20010188   Section        0  _printf_percent.o(.ARM.Collect$$_printf_percent$$00000000)
    .ARM.Collect$$_printf_percent$$00000013  0x20010188   Section        6  _printf_c.o(.ARM.Collect$$_printf_percent$$00000013)
    .ARM.Collect$$_printf_percent$$00000017  0x2001018e   Section        4  _printf_percent_end.o(.ARM.Collect$$_printf_percent$$00000017)
    .emb_text                                0x20010194   Section        8  main.o(.emb_text)
    $v0                                      0x20010194   Number         0  main.o(.emb_text)
    .emb_text                                0x2001019c   Section        8  stm32f4xx_it.o(.emb_text)
    $v0                                      0x2001019c   Number         0  stm32f4xx_it.o(.emb_text)
    .emb_text                                0x200101a4   Section        8  system_stm32f4xx.o(.emb_text)
    $v0                                      0x200101a4   Number         0  system_stm32f4xx.o(.emb_text)
    .emb_text                                0x200101ac   Section        8  led.o(.emb_text)
    $v0                                      0x200101ac   Number         0  led.o(.emb_text)
    .emb_text                                0x200101b4   Section        8  delay.o(.emb_text)
    $v0                                      0x200101b4   Number         0  delay.o(.emb_text)
    .emb_text                                0x200101bc   Section       24  sys.o(.emb_text)
    $v0                                      0x200101bc   Number         0  sys.o(.emb_text)
    .emb_text                                0x200101d4   Section        8  usart.o(.emb_text)
    $v0                                      0x200101d4   Number         0  usart.o(.emb_text)
    .emb_text                                0x200101dc   Section        8  misc.o(.emb_text)
    $v0                                      0x200101dc   Number         0  misc.o(.emb_text)
    .emb_text                                0x200101e4   Section        8  stm32f4xx_gpio.o(.emb_text)
    $v0                                      0x200101e4   Number         0  stm32f4xx_gpio.o(.emb_text)
    .emb_text                                0x200101ec   Section        8  stm32f4xx_rcc.o(.emb_text)
    $v0                                      0x200101ec   Number         0  stm32f4xx_rcc.o(.emb_text)
    .emb_text                                0x200101f4   Section        8  stm32f4xx_syscfg.o(.emb_text)
    $v0                                      0x200101f4   Number         0  stm32f4xx_syscfg.o(.emb_text)
    .emb_text                                0x200101fc   Section        8  stm32f4xx_usart.o(.emb_text)
    $v0                                      0x200101fc   Number         0  stm32f4xx_usart.o(.emb_text)
    .text                                    0x20010204   Section        0  main.o(.text)
    .text                                    0x2001031c   Section        0  stm32f4xx_it.o(.text)
    .text                                    0x20010338   Section        0  system_stm32f4xx.o(.text)
    SetSysClock                              0x20010339   Thumb Code   194  system_stm32f4xx.o(.text)
    .text                                    0x20010544   Section        0  led.o(.text)
    .text                                    0x20010548   Section        0  delay.o(.text)
    .text                                    0x20010650   Section        0  usart.o(.text)
    .text                                    0x200107b8   Section       56  startup_stm32f40_41xxx.o(.text)
    $v0                                      0x200107b8   Number         0  startup_stm32f40_41xxx.o(.text)
    .text                                    0x200107f0   Section        0  misc.o(.text)
    .text                                    0x200108f8   Section        0  stm32f4xx_gpio.o(.text)
    .text                                    0x20010be0   Section        0  stm32f4xx_rcc.o(.text)
    .text                                    0x2001128c   Section        0  stm32f4xx_syscfg.o(.text)
    .text                                    0x20011340   Section        0  stm32f4xx_usart.o(.text)
    .text                                    0x20011830   Section        2  use_no_semi_2.o(.text)
    .text                                    0x20011834   Section        0  noretval__2printf.o(.text)
    .text                                    0x2001184c   Section        0  __printf.o(.text)
    .text                                    0x200118b6   Section        0  _printf_str.o(.text)
    .text                                    0x20011908   Section        0  heapauxi.o(.text)
    .text                                    0x2001190e   Section        2  use_no_semi.o(.text)
    .text                                    0x20011910   Section        0  _printf_char.o(.text)
    .text                                    0x2001193c   Section        0  _printf_char_file.o(.text)
    .text                                    0x20011960   Section        0  _printf_char_common.o(.text)
    _printf_input_char                       0x20011961   Thumb Code    10  _printf_char_common.o(.text)
    .text                                    0x20011990   Section        0  ferror.o(.text)
    .constdata                               0x20011998   Section       25  main.o(.constdata)
    .data                                    0x20012800   Section       16  main.o(.data)
    .data                                    0x20012810   Section       20  system_stm32f4xx.o(.data)
    .data                                    0x20012824   Section        4  delay.o(.data)
    fac_us                                   0x20012824   Data           1  delay.o(.data)
    fac_ms                                   0x20012826   Data           2  delay.o(.data)
    .data                                    0x20012828   Section        8  usart.o(.data)
    .data                                    0x20012830   Section       16  stm32f4xx_rcc.o(.data)
    APBAHBPrescTable                         0x20012830   Data          16  stm32f4xx_rcc.o(.data)
    .bss                                     0x20012840   Section      200  usart.o(.bss)
    HEAP                                     0x20012908   Section      512  startup_stm32f40_41xxx.o(HEAP)
    Heap_Mem                                 0x20012908   Data         512  startup_stm32f40_41xxx.o(HEAP)
    STACK                                    0x20012b08   Section     1024  startup_stm32f40_41xxx.o(STACK)
    Stack_Mem                                0x20012b08   Data        1024  startup_stm32f40_41xxx.o(STACK)

    Global Symbols

    Symbol Name                              Value     Ov Type        Size  Object(Section)

    BuildAttributes$$THM_ISAv4$E$P$D$K$B$S$7EM$VFPi3$EXTD16$VFPS$VFMA$PE$A:L22UL41UL21$X:L11$S22US41US21$IEEE1$IW$USESV6$~STKCKD$USESV7$~SHL$OSPACE$ROPI$EBA8$STANDARDLIB$REQ8$PRES8$EABIv2 0x00000000   Number         0  anon$$obj.o ABSOLUTE
    _mutex_acquire                            - Undefined Weak Reference
    _mutex_release                            - Undefined Weak Reference
    _printf_mbtowc                            - Undefined Weak Reference
    _printf_post_padding                      - Undefined Weak Reference
    _printf_pre_padding                       - Undefined Weak Reference
    __Vectors_Size                           0x00000188   Number         0  startup_stm32f40_41xxx.o ABSOLUTE
    __Vectors                                0x20010000   Data           4  startup_stm32f40_41xxx.o(RESET)
    __Vectors_End                            0x20010188   Data           0  startup_stm32f40_41xxx.o(RESET)
    _printf_c                                0x20010189   Thumb Code     0  _printf_c.o(.ARM.Collect$$_printf_percent$$00000013)
    _printf_percent                          0x20010189   Thumb Code     0  _printf_percent.o(.ARM.Collect$$_printf_percent$$00000000)
    _printf_percent_end                      0x2001018f   Thumb Code     0  _printf_percent_end.o(.ARM.Collect$$_printf_percent$$00000017)
    __asm___6_main_c_913c00c5____REV16       0x20010195   Thumb Code     4  main.o(.emb_text)
    __asm___6_main_c_913c00c5____REVSH       0x20010199   Thumb Code     4  main.o(.emb_text)
    __asm___14_stm32f4xx_it_c_bb8ca80c____REV16 0x2001019d   Thumb Code     4  stm32f4xx_it.o(.emb_text)
    __asm___14_stm32f4xx_it_c_bb8ca80c____REVSH 0x200101a1   Thumb Code     4  stm32f4xx_it.o(.emb_text)
    __asm___18_system_stm32f4xx_c_5d646a67____REV16 0x200101a5   Thumb Code     4  system_stm32f4xx.o(.emb_text)
    __asm___18_system_stm32f4xx_c_5d646a67____REVSH 0x200101a9   Thumb Code     4  system_stm32f4xx.o(.emb_text)
    __asm___5_led_c_LED_Init____REV16        0x200101ad   Thumb Code     4  led.o(.emb_text)
    __asm___5_led_c_LED_Init____REVSH        0x200101b1   Thumb Code     4  led.o(.emb_text)
    __asm___7_delay_c_f6a9c549____REV16      0x200101b5   Thumb Code     4  delay.o(.emb_text)
    __asm___7_delay_c_f6a9c549____REVSH      0x200101b9   Thumb Code     4  delay.o(.emb_text)
    __asm___5_sys_c_WFI_SET____REV16         0x200101bd   Thumb Code     4  sys.o(.emb_text)
    __asm___5_sys_c_WFI_SET____REVSH         0x200101c1   Thumb Code     4  sys.o(.emb_text)
    WFI_SET                                  0x200101c5   Thumb Code     2  sys.o(.emb_text)
    INTX_DISABLE                             0x200101c7   Thumb Code     4  sys.o(.emb_text)
    INTX_ENABLE                              0x200101cb   Thumb Code     4  sys.o(.emb_text)
    MSR_MSP                                  0x200101cf   Thumb Code     6  sys.o(.emb_text)
    __asm___7_usart_c_7cc17ae7____REV16      0x200101d5   Thumb Code     4  usart.o(.emb_text)
    __asm___7_usart_c_7cc17ae7____REVSH      0x200101d9   Thumb Code     4  usart.o(.emb_text)
    __asm___6_misc_c_d0fc1254____REV16       0x200101dd   Thumb Code     4  misc.o(.emb_text)
    __asm___6_misc_c_d0fc1254____REVSH       0x200101e1   Thumb Code     4  misc.o(.emb_text)
    __asm___16_stm32f4xx_gpio_c_f8e8e39a____REV16 0x200101e5   Thumb Code     4  stm32f4xx_gpio.o(.emb_text)
    __asm___16_stm32f4xx_gpio_c_f8e8e39a____REVSH 0x200101e9   Thumb Code     4  stm32f4xx_gpio.o(.emb_text)
    __asm___15_stm32f4xx_rcc_c_49e27980____REV16 0x200101ed   Thumb Code     4  stm32f4xx_rcc.o(.emb_text)
    __asm___15_stm32f4xx_rcc_c_49e27980____REVSH 0x200101f1   Thumb Code     4  stm32f4xx_rcc.o(.emb_text)
    __asm___18_stm32f4xx_syscfg_c_57637610____REV16 0x200101f5   Thumb Code     4  stm32f4xx_syscfg.o(.emb_text)
    __asm___18_stm32f4xx_syscfg_c_57637610____REVSH 0x200101f9   Thumb Code     4  stm32f4xx_syscfg.o(.emb_text)
    __asm___17_stm32f4xx_usart_c_9565154b____REV16 0x200101fd   Thumb Code     4  stm32f4xx_usart.o(.emb_text)
    __asm___17_stm32f4xx_usart_c_9565154b____REVSH 0x20010201   Thumb Code     4  stm32f4xx_usart.o(.emb_text)
    appmain                                  0x20010205   Thumb Code   190  main.o(.text)
    NMI_Handler                              0x2001031d   Thumb Code     2  stm32f4xx_it.o(.text)
    HardFault_Handler                        0x2001031f   Thumb Code     4  stm32f4xx_it.o(.text)
    MemManage_Handler                        0x20010323   Thumb Code     4  stm32f4xx_it.o(.text)
    BusFault_Handler                         0x20010327   Thumb Code     4  stm32f4xx_it.o(.text)
    UsageFault_Handler                       0x2001032b   Thumb Code     4  stm32f4xx_it.o(.text)
    SVC_Handler                              0x2001032f   Thumb Code     2  stm32f4xx_it.o(.text)
    DebugMon_Handler                         0x20010331   Thumb Code     2  stm32f4xx_it.o(.text)
    PendSV_Handler                           0x20010333   Thumb Code     2  stm32f4xx_it.o(.text)
    SysTick_Handler                          0x20010335   Thumb Code     2  stm32f4xx_it.o(.text)
    SystemInit                               0x200103fb   Thumb Code    90  system_stm32f4xx.o(.text)
    SystemCoreClockUpdate                    0x20010455   Thumb Code   176  system_stm32f4xx.o(.text)
    LED_Init                                 0x20010545   Thumb Code     2  led.o(.text)
    delay_init                               0x20010549   Thumb Code    46  delay.o(.text)
    delay_us                                 0x20010577   Thumb Code    76  delay.o(.text)
    delay_xms                                0x200105c3   Thumb Code    76  delay.o(.text)
    delay_ms                                 0x2001060f   Thumb Code    58  delay.o(.text)
    _sys_exit                                0x20010651   Thumb Code     6  usart.o(.text)
    fputc                                    0x20010657   Thumb Code    20  usart.o(.text)
    uart_init                                0x2001066b   Thumb Code   190  usart.o(.text)
    USART1_IRQHandler                        0x20010729   Thumb Code   128  usart.o(.text)
    ADC_IRQHandler                           0x200107cf   Thumb Code     0  startup_stm32f40_41xxx.o(.text)
    CAN1_RX0_IRQHandler                      0x200107cf   Thumb Code     0  startup_stm32f40_41xxx.o(.text)
    CAN1_RX1_IRQHandler                      0x200107cf   Thumb Code     0  startup_stm32f40_41xxx.o(.text)
    CAN1_SCE_IRQHandler                      0x200107cf   Thumb Code     0  startup_stm32f40_41xxx.o(.text)
    CAN1_TX_IRQHandler                       0x200107cf   Thumb Code     0  startup_stm32f40_41xxx.o(.text)
    CAN2_RX0_IRQHandler                      0x200107cf   Thumb Code     0  startup_stm32f40_41xxx.o(.text)
    CAN2_RX1_IRQHandler                      0x200107cf   Thumb Code     0  startup_stm32f40_41xxx.o(.text)
    CAN2_SCE_IRQHandler                      0x200107cf   Thumb Code     0  startup_stm32f40_41xxx.o(.text)
    CAN2_TX_IRQHandler                       0x200107cf   Thumb Code     0  startup_stm32f40_41xxx.o(.text)
    CRYP_IRQHandler                          0x200107cf   Thumb Code     0  startup_stm32f40_41xxx.o(.text)
    DCMI_IRQHandler                          0x200107cf   Thumb Code     0  startup_stm32f40_41xxx.o(.text)
    DMA1_Stream0_IRQHandler                  0x200107cf   Thumb Code     0  startup_stm32f40_41xxx.o(.text)
    DMA1_Stream1_IRQHandler                  0x200107cf   Thumb Code     0  startup_stm32f40_41xxx.o(.text)
    DMA1_Stream2_IRQHandler                  0x200107cf   Thumb Code     0  startup_stm32f40_41xxx.o(.text)
    DMA1_Stream3_IRQHandler                  0x200107cf   Thumb Code     0  startup_stm32f40_41xxx.o(.text)
    DMA1_Stream4_IRQHandler                  0x200107cf   Thumb Code     0  startup_stm32f40_41xxx.o(.text)
    DMA1_Stream5_IRQHandler                  0x200107cf   Thumb Code     0  startup_stm32f40_41xxx.o(.text)
    DMA1_Stream6_IRQHandler                  0x200107cf   Thumb Code     0  startup_stm32f40_41xxx.o(.text)
    DMA1_Stream7_IRQHandler                  0x200107cf   Thumb Code     0  startup_stm32f40_41xxx.o(.text)
    DMA2_Stream0_IRQHandler                  0x200107cf   Thumb Code     0  startup_stm32f40_41xxx.o(.text)
    DMA2_Stream1_IRQHandler                  0x200107cf   Thumb Code     0  startup_stm32f40_41xxx.o(.text)
    DMA2_Stream2_IRQHandler                  0x200107cf   Thumb Code     0  startup_stm32f40_41xxx.o(.text)
    DMA2_Stream3_IRQHandler                  0x200107cf   Thumb Code     0  startup_stm32f40_41xxx.o(.text)
    DMA2_Stream4_IRQHandler                  0x200107cf   Thumb Code     0  startup_stm32f40_41xxx.o(.text)
    DMA2_Stream5_IRQHandler                  0x200107cf   Thumb Code     0  startup_stm32f40_41xxx.o(.text)
    DMA2_Stream6_IRQHandler                  0x200107cf   Thumb Code     0  startup_stm32f40_41xxx.o(.text)
    DMA2_Stream7_IRQHandler                  0x200107cf   Thumb Code     0  startup_stm32f40_41xxx.o(.text)
    ETH_IRQHandler                           0x200107cf   Thumb Code     0  startup_stm32f40_41xxx.o(.text)
    ETH_WKUP_IRQHandler                      0x200107cf   Thumb Code     0  startup_stm32f40_41xxx.o(.text)
    EXTI0_IRQHandler                         0x200107cf   Thumb Code     0  startup_stm32f40_41xxx.o(.text)
    EXTI15_10_IRQHandler                     0x200107cf   Thumb Code     0  startup_stm32f40_41xxx.o(.text)
    EXTI1_IRQHandler                         0x200107cf   Thumb Code     0  startup_stm32f40_41xxx.o(.text)
    EXTI2_IRQHandler                         0x200107cf   Thumb Code     0  startup_stm32f40_41xxx.o(.text)
    EXTI3_IRQHandler                         0x200107cf   Thumb Code     0  startup_stm32f40_41xxx.o(.text)
    EXTI4_IRQHandler                         0x200107cf   Thumb Code     0  startup_stm32f40_41xxx.o(.text)
    EXTI9_5_IRQHandler                       0x200107cf   Thumb Code     0  startup_stm32f40_41xxx.o(.text)
    FLASH_IRQHandler                         0x200107cf   Thumb Code     0  startup_stm32f40_41xxx.o(.text)
    FPU_IRQHandler                           0x200107cf   Thumb Code     0  startup_stm32f40_41xxx.o(.text)
    FSMC_IRQHandler                          0x200107cf   Thumb Code     0  startup_stm32f40_41xxx.o(.text)
    HASH_RNG_IRQHandler                      0x200107cf   Thumb Code     0  startup_stm32f40_41xxx.o(.text)
    I2C1_ER_IRQHandler                       0x200107cf   Thumb Code     0  startup_stm32f40_41xxx.o(.text)
    I2C1_EV_IRQHandler                       0x200107cf   Thumb Code     0  startup_stm32f40_41xxx.o(.text)
    I2C2_ER_IRQHandler                       0x200107cf   Thumb Code     0  startup_stm32f40_41xxx.o(.text)
    I2C2_EV_IRQHandler                       0x200107cf   Thumb Code     0  startup_stm32f40_41xxx.o(.text)
    I2C3_ER_IRQHandler                       0x200107cf   Thumb Code     0  startup_stm32f40_41xxx.o(.text)
    I2C3_EV_IRQHandler                       0x200107cf   Thumb Code     0  startup_stm32f40_41xxx.o(.text)
    OTG_FS_IRQHandler                        0x200107cf   Thumb Code     0  startup_stm32f40_41xxx.o(.text)
    OTG_FS_WKUP_IRQHandler                   0x200107cf   Thumb Code     0  startup_stm32f40_41xxx.o(.text)
    OTG_HS_EP1_IN_IRQHandler                 0x200107cf   Thumb Code     0  startup_stm32f40_41xxx.o(.text)
    OTG_HS_EP1_OUT_IRQHandler                0x200107cf   Thumb Code     0  startup_stm32f40_41xxx.o(.text)
    OTG_HS_IRQHandler                        0x200107cf   Thumb Code     0  startup_stm32f40_41xxx.o(.text)
    OTG_HS_WKUP_IRQHandler                   0x200107cf   Thumb Code     0  startup_stm32f40_41xxx.o(.text)
    PVD_IRQHandler                           0x200107cf   Thumb Code     0  startup_stm32f40_41xxx.o(.text)
    RCC_IRQHandler                           0x200107cf   Thumb Code     0  startup_stm32f40_41xxx.o(.text)
    RTC_Alarm_IRQHandler                     0x200107cf   Thumb Code     0  startup_stm32f40_41xxx.o(.text)
    RTC_WKUP_IRQHandler                      0x200107cf   Thumb Code     0  startup_stm32f40_41xxx.o(.text)
    SDIO_IRQHandler                          0x200107cf   Thumb Code     0  startup_stm32f40_41xxx.o(.text)
    SPI1_IRQHandler                          0x200107cf   Thumb Code     0  startup_stm32f40_41xxx.o(.text)
    SPI2_IRQHandler                          0x200107cf   Thumb Code     0  startup_stm32f40_41xxx.o(.text)
    SPI3_IRQHandler                          0x200107cf   Thumb Code     0  startup_stm32f40_41xxx.o(.text)
    TAMP_STAMP_IRQHandler                    0x200107cf   Thumb Code     0  startup_stm32f40_41xxx.o(.text)
    TIM1_BRK_TIM9_IRQHandler                 0x200107cf   Thumb Code     0  startup_stm32f40_41xxx.o(.text)
    TIM1_CC_IRQHandler                       0x200107cf   Thumb Code     0  startup_stm32f40_41xxx.o(.text)
    TIM1_TRG_COM_TIM11_IRQHandler            0x200107cf   Thumb Code     0  startup_stm32f40_41xxx.o(.text)
    TIM1_UP_TIM10_IRQHandler                 0x200107cf   Thumb Code     0  startup_stm32f40_41xxx.o(.text)
    TIM2_IRQHandler                          0x200107cf   Thumb Code     0  startup_stm32f40_41xxx.o(.text)
    TIM3_IRQHandler                          0x200107cf   Thumb Code     0  startup_stm32f40_41xxx.o(.text)
    TIM4_IRQHandler                          0x200107cf   Thumb Code     0  startup_stm32f40_41xxx.o(.text)
    TIM5_IRQHandler                          0x200107cf   Thumb Code     0  startup_stm32f40_41xxx.o(.text)
    TIM6_DAC_IRQHandler                      0x200107cf   Thumb Code     0  startup_stm32f40_41xxx.o(.text)
    TIM7_IRQHandler                          0x200107cf   Thumb Code     0  startup_stm32f40_41xxx.o(.text)
    TIM8_BRK_TIM12_IRQHandler                0x200107cf   Thumb Code     0  startup_stm32f40_41xxx.o(.text)
    TIM8_CC_IRQHandler                       0x200107cf   Thumb Code     0  startup_stm32f40_41xxx.o(.text)
    TIM8_TRG_COM_TIM14_IRQHandler            0x200107cf   Thumb Code     0  startup_stm32f40_41xxx.o(.text)
    TIM8_UP_TIM13_IRQHandler                 0x200107cf   Thumb Code     0  startup_stm32f40_41xxx.o(.text)
    UART4_IRQHandler                         0x200107cf   Thumb Code     0  startup_stm32f40_41xxx.o(.text)
    UART5_IRQHandler                         0x200107cf   Thumb Code     0  startup_stm32f40_41xxx.o(.text)
    USART2_IRQHandler                        0x200107cf   Thumb Code     0  startup_stm32f40_41xxx.o(.text)
    USART3_IRQHandler                        0x200107cf   Thumb Code     0  startup_stm32f40_41xxx.o(.text)
    USART6_IRQHandler                        0x200107cf   Thumb Code     0  startup_stm32f40_41xxx.o(.text)
    WWDG_IRQHandler                          0x200107cf   Thumb Code     0  startup_stm32f40_41xxx.o(.text)
    __user_initial_stackheap                 0x200107d1   Thumb Code     0  startup_stm32f40_41xxx.o(.text)
    NVIC_PriorityGroupConfig                 0x200107f1   Thumb Code    12  misc.o(.text)
    NVIC_Init                                0x200107fd   Thumb Code   136  misc.o(.text)
    NVIC_SetVectorTable                      0x20010885   Thumb Code    16  misc.o(.text)
    NVIC_SystemLPConfig                      0x20010895   Thumb Code    30  misc.o(.text)
    SysTick_CLKSourceConfig                  0x200108b3   Thumb Code    40  misc.o(.text)
    GPIO_DeInit                              0x200108f9   Thumb Code   268  stm32f4xx_gpio.o(.text)
    GPIO_Init                                0x20010a05   Thumb Code   202  stm32f4xx_gpio.o(.text)
    GPIO_StructInit                          0x20010acf   Thumb Code    20  stm32f4xx_gpio.o(.text)
    GPIO_PinLockConfig                       0x20010ae3   Thumb Code    20  stm32f4xx_gpio.o(.text)
    GPIO_ReadInputDataBit                    0x20010af7   Thumb Code    24  stm32f4xx_gpio.o(.text)
    GPIO_ReadInputData                       0x20010b0f   Thumb Code     8  stm32f4xx_gpio.o(.text)
    GPIO_ReadOutputDataBit                   0x20010b17   Thumb Code    24  stm32f4xx_gpio.o(.text)
    GPIO_ReadOutputData                      0x20010b2f   Thumb Code     8  stm32f4xx_gpio.o(.text)
    GPIO_SetBits                             0x20010b37   Thumb Code     4  stm32f4xx_gpio.o(.text)
    GPIO_ResetBits                           0x20010b3b   Thumb Code     4  stm32f4xx_gpio.o(.text)
    GPIO_WriteBit                            0x20010b3f   Thumb Code    10  stm32f4xx_gpio.o(.text)
    GPIO_Write                               0x20010b49   Thumb Code     4  stm32f4xx_gpio.o(.text)
    GPIO_ToggleBits                          0x20010b4d   Thumb Code    10  stm32f4xx_gpio.o(.text)
    GPIO_PinAFConfig                         0x20010b57   Thumb Code    94  stm32f4xx_gpio.o(.text)
    RCC_DeInit                               0x20010be1   Thumb Code    82  stm32f4xx_rcc.o(.text)
    RCC_HSEConfig                            0x20010c33   Thumb Code    14  stm32f4xx_rcc.o(.text)
    RCC_GetFlagStatus                        0x20010c41   Thumb Code    68  stm32f4xx_rcc.o(.text)
    RCC_WaitForHSEStartUp                    0x20010c85   Thumb Code    56  stm32f4xx_rcc.o(.text)
    RCC_AdjustHSICalibrationValue            0x20010cbd   Thumb Code    22  stm32f4xx_rcc.o(.text)
    RCC_HSICmd                               0x20010cd3   Thumb Code     6  stm32f4xx_rcc.o(.text)
    RCC_LSEConfig                            0x20010cd9   Thumb Code    46  stm32f4xx_rcc.o(.text)
    RCC_LSICmd                               0x20010d07   Thumb Code     6  stm32f4xx_rcc.o(.text)
    RCC_PLLConfig                            0x20010d0d   Thumb Code    36  stm32f4xx_rcc.o(.text)
    RCC_PLLCmd                               0x20010d31   Thumb Code     6  stm32f4xx_rcc.o(.text)
    RCC_PLLI2SConfig                         0x20010d37   Thumb Code    14  stm32f4xx_rcc.o(.text)
    RCC_PLLI2SCmd                            0x20010d45   Thumb Code     6  stm32f4xx_rcc.o(.text)
    RCC_PLLSAIConfig                         0x20010d4b   Thumb Code    20  stm32f4xx_rcc.o(.text)
    RCC_PLLSAICmd                            0x20010d5f   Thumb Code     6  stm32f4xx_rcc.o(.text)
    RCC_ClockSecuritySystemCmd               0x20010d65   Thumb Code     6  stm32f4xx_rcc.o(.text)
    RCC_MCO1Config                           0x20010d6b   Thumb Code    28  stm32f4xx_rcc.o(.text)
    RCC_MCO2Config                           0x20010d87   Thumb Code    28  stm32f4xx_rcc.o(.text)
    RCC_SYSCLKConfig                         0x20010da3   Thumb Code    22  stm32f4xx_rcc.o(.text)
    RCC_GetSYSCLKSource                      0x20010db9   Thumb Code    10  stm32f4xx_rcc.o(.text)
    RCC_HCLKConfig                           0x20010dc3   Thumb Code    22  stm32f4xx_rcc.o(.text)
    RCC_PCLK1Config                          0x20010dd9   Thumb Code    22  stm32f4xx_rcc.o(.text)
    RCC_PCLK2Config                          0x20010def   Thumb Code    22  stm32f4xx_rcc.o(.text)
    RCC_GetClocksFreq                        0x20010e05   Thumb Code   218  stm32f4xx_rcc.o(.text)
    RCC_RTCCLKConfig                         0x20010edf   Thumb Code    54  stm32f4xx_rcc.o(.text)
    RCC_RTCCLKCmd                            0x20010f15   Thumb Code     6  stm32f4xx_rcc.o(.text)
    RCC_BackupResetCmd                       0x20010f1b   Thumb Code     6  stm32f4xx_rcc.o(.text)
    RCC_I2SCLKConfig                         0x20010f21   Thumb Code     6  stm32f4xx_rcc.o(.text)
    RCC_SAIPLLI2SClkDivConfig                0x20010f27   Thumb Code    28  stm32f4xx_rcc.o(.text)
    RCC_SAIPLLSAIClkDivConfig                0x20010f43   Thumb Code    28  stm32f4xx_rcc.o(.text)
    RCC_SAIBlockACLKConfig                   0x20010f5f   Thumb Code    22  stm32f4xx_rcc.o(.text)
    RCC_SAIBlockBCLKConfig                   0x20010f75   Thumb Code    22  stm32f4xx_rcc.o(.text)
    RCC_LTDCCLKDivConfig                     0x20010f8b   Thumb Code    22  stm32f4xx_rcc.o(.text)
    RCC_TIMCLKPresConfig                     0x20010fa1   Thumb Code     6  stm32f4xx_rcc.o(.text)
    RCC_AHB1PeriphClockCmd                   0x20010fa7   Thumb Code   130  stm32f4xx_rcc.o(.text)
    RCC_AHB2PeriphClockCmd                   0x20011029   Thumb Code    30  stm32f4xx_rcc.o(.text)
    RCC_AHB3PeriphClockCmd                   0x20011047   Thumb Code    30  stm32f4xx_rcc.o(.text)
    RCC_APB1PeriphClockCmd                   0x20011065   Thumb Code    30  stm32f4xx_rcc.o(.text)
    RCC_APB2PeriphClockCmd                   0x20011083   Thumb Code    30  stm32f4xx_rcc.o(.text)
    RCC_AHB1PeriphResetCmd                   0x200110a1   Thumb Code    30  stm32f4xx_rcc.o(.text)
    RCC_AHB2PeriphResetCmd                   0x200110bf   Thumb Code    30  stm32f4xx_rcc.o(.text)
    RCC_AHB3PeriphResetCmd                   0x200110dd   Thumb Code    30  stm32f4xx_rcc.o(.text)
    RCC_APB1PeriphResetCmd                   0x200110fb   Thumb Code    30  stm32f4xx_rcc.o(.text)
    RCC_APB2PeriphResetCmd                   0x20011119   Thumb Code    30  stm32f4xx_rcc.o(.text)
    RCC_AHB1PeriphClockLPModeCmd             0x20011137   Thumb Code    30  stm32f4xx_rcc.o(.text)
    RCC_AHB2PeriphClockLPModeCmd             0x20011155   Thumb Code    30  stm32f4xx_rcc.o(.text)
    RCC_AHB3PeriphClockLPModeCmd             0x20011173   Thumb Code    30  stm32f4xx_rcc.o(.text)
    RCC_APB1PeriphClockLPModeCmd             0x20011191   Thumb Code    30  stm32f4xx_rcc.o(.text)
    RCC_APB2PeriphClockLPModeCmd             0x200111af   Thumb Code    30  stm32f4xx_rcc.o(.text)
    RCC_LSEModeConfig                        0x200111cd   Thumb Code    32  stm32f4xx_rcc.o(.text)
    RCC_ITConfig                             0x200111ed   Thumb Code    36  stm32f4xx_rcc.o(.text)
    RCC_ClearFlag                            0x20011211   Thumb Code    14  stm32f4xx_rcc.o(.text)
    RCC_GetITStatus                          0x2001121f   Thumb Code    26  stm32f4xx_rcc.o(.text)
    RCC_ClearITPendingBit                    0x20011239   Thumb Code     6  stm32f4xx_rcc.o(.text)
    SYSCFG_DeInit                            0x2001128d   Thumb Code    22  stm32f4xx_syscfg.o(.text)
    SYSCFG_MemoryRemapConfig                 0x200112a3   Thumb Code     6  stm32f4xx_syscfg.o(.text)
    SYSCFG_MemorySwappingBank                0x200112a9   Thumb Code     6  stm32f4xx_syscfg.o(.text)
    SYSCFG_EXTILineConfig                    0x200112af   Thumb Code    84  stm32f4xx_syscfg.o(.text)
    SYSCFG_ETH_MediaInterfaceConfig          0x20011303   Thumb Code     6  stm32f4xx_syscfg.o(.text)
    SYSCFG_CompensationCellCmd               0x20011309   Thumb Code     6  stm32f4xx_syscfg.o(.text)
    SYSCFG_GetCompensationCellStatus         0x2001130f   Thumb Code    26  stm32f4xx_syscfg.o(.text)
    USART_DeInit                             0x20011341   Thumb Code   206  stm32f4xx_usart.o(.text)
    USART_Init                               0x2001140f   Thumb Code   240  stm32f4xx_usart.o(.text)
    USART_StructInit                         0x200114ff   Thumb Code    30  stm32f4xx_usart.o(.text)
    USART_ClockInit                          0x2001151d   Thumb Code    42  stm32f4xx_usart.o(.text)
    USART_ClockStructInit                    0x20011547   Thumb Code    14  stm32f4xx_usart.o(.text)
    USART_Cmd                                0x20011555   Thumb Code    26  stm32f4xx_usart.o(.text)
    USART_SetPrescaler                       0x2001156f   Thumb Code    18  stm32f4xx_usart.o(.text)
    USART_OverSampling8Cmd                   0x20011581   Thumb Code    22  stm32f4xx_usart.o(.text)
    USART_OneBitMethodCmd                    0x20011597   Thumb Code    26  stm32f4xx_usart.o(.text)
    USART_SendData                           0x200115b1   Thumb Code     8  stm32f4xx_usart.o(.text)
    USART_ReceiveData                        0x200115b9   Thumb Code    10  stm32f4xx_usart.o(.text)
    USART_SetAddress                         0x200115c3   Thumb Code    22  stm32f4xx_usart.o(.text)
    USART_ReceiverWakeUpCmd                  0x200115d9   Thumb Code    26  stm32f4xx_usart.o(.text)
    USART_WakeUpConfig                       0x200115f3   Thumb Code    22  stm32f4xx_usart.o(.text)
    USART_LINBreakDetectLengthConfig         0x20011609   Thumb Code    22  stm32f4xx_usart.o(.text)
    USART_LINCmd                             0x2001161f   Thumb Code    26  stm32f4xx_usart.o(.text)
    USART_SendBreak                          0x20011639   Thumb Code    10  stm32f4xx_usart.o(.text)
    USART_HalfDuplexCmd                      0x20011643   Thumb Code    26  stm32f4xx_usart.o(.text)
    USART_SetGuardTime                       0x2001165d   Thumb Code    16  stm32f4xx_usart.o(.text)
    USART_SmartCardCmd                       0x2001166d   Thumb Code    26  stm32f4xx_usart.o(.text)
    USART_SmartCardNACKCmd                   0x20011687   Thumb Code    26  stm32f4xx_usart.o(.text)
    USART_IrDAConfig                         0x200116a1   Thumb Code    22  stm32f4xx_usart.o(.text)
    USART_IrDACmd                            0x200116b7   Thumb Code    26  stm32f4xx_usart.o(.text)
    USART_DMACmd                             0x200116d1   Thumb Code    30  stm32f4xx_usart.o(.text)
    USART_ITConfig                           0x200116ef   Thumb Code   122  stm32f4xx_usart.o(.text)
    USART_GetFlagStatus                      0x20011769   Thumb Code    32  stm32f4xx_usart.o(.text)
    USART_ClearFlag                          0x20011789   Thumb Code    20  stm32f4xx_usart.o(.text)
    USART_GetITStatus                        0x2001179d   Thumb Code   108  stm32f4xx_usart.o(.text)
    USART_ClearITPendingBit                  0x20011809   Thumb Code    40  stm32f4xx_usart.o(.text)
    __use_no_semihosting                     0x20011831   Thumb Code     2  use_no_semi_2.o(.text)
    __2printf                                0x20011835   Thumb Code    20  noretval__2printf.o(.text)
    __printf                                 0x2001184d   Thumb Code   106  __printf.o(.text)
    _printf_str                              0x200118b7   Thumb Code    82  _printf_str.o(.text)
    __use_two_region_memory                  0x20011909   Thumb Code     2  heapauxi.o(.text)
    __rt_heap_escrow$2region                 0x2001190b   Thumb Code     2  heapauxi.o(.text)
    __rt_heap_expand$2region                 0x2001190d   Thumb Code     2  heapauxi.o(.text)
    __semihosting$guard                      0x2001190f   Thumb Code     0  use_no_semi.o(.text)
    __use_no_semihosting_swi                 0x2001190f   Thumb Code     2  use_no_semi.o(.text)
    _printf_cs_common                        0x20011911   Thumb Code    20  _printf_char.o(.text)
    _printf_char                             0x20011925   Thumb Code    16  _printf_char.o(.text)
    _printf_string                           0x20011935   Thumb Code     8  _printf_char.o(.text)
    _printf_char_file                        0x2001193d   Thumb Code    32  _printf_char_file.o(.text)
    _printf_char_common                      0x2001196b   Thumb Code    32  _printf_char_common.o(.text)
    ferror                                   0x20011991   Thumb Code     8  ferror.o(.text)
    TEXT_Buffer                              0x20011998   Data          25  main.o(.constdata)
    usebootfun                               0x20012800   Data           4  main.o(.data)
    W25QXX_Initf                             0x20012804   Data           4  main.o(.data)
    W25QXX_Readf                             0x20012808   Data           4  main.o(.data)
    W25QXX_Writef                            0x2001280c   Data           4  main.o(.data)
    SystemCoreClock                          0x20012810   Data           4  system_stm32f4xx.o(.data)
    AHBPrescTable                            0x20012814   Data          16  system_stm32f4xx.o(.data)
    USART_RX_STA                             0x20012828   Data           2  usart.o(.data)
    __stdout                                 0x2001282c   Data           4  usart.o(.data)
    USART_RX_BUF                             0x20012840   Data         200  usart.o(.bss)



==============================================================================

Memory Map of the image

  Image entry point : Not specified.

  Load Region LR_IROM1 (Base: 0x20010000, Size: 0x000019f4, Max: 0x00002800, ABSOLUTE)

    Execution Region ER_IROM1 (Base: 0x20010000, Size: 0x000019b4, Max: 0x00002800, ABSOLUTE)

    Base Addr    Size         Type   Attr      Idx    E Section Name        Object

    0x20010000   0x00000188   Data   RO          285    RESET               startup_stm32f40_41xxx.o
    0x20010188   0x00000000   Code   RO          405    .ARM.Collect$$_printf_percent$$00000000  c_w.l(_printf_percent.o)
    0x20010188   0x00000006   Code   RO          404    .ARM.Collect$$_printf_percent$$00000013  c_w.l(_printf_c.o)
    0x2001018e   0x00000004   Code   RO          414    .ARM.Collect$$_printf_percent$$00000017  c_w.l(_printf_percent_end.o)
    0x20010192   0x00000002   PAD
    0x20010194   0x00000008   Code   RO            1    .emb_text           main.o
    0x2001019c   0x00000008   Code   RO          145    .emb_text           stm32f4xx_it.o
    0x200101a4   0x00000008   Code   RO          190    .emb_text           system_stm32f4xx.o
    0x200101ac   0x00000008   Code   RO          212    .emb_text           led.o
    0x200101b4   0x00000008   Code   RO          228    .emb_text           delay.o
    0x200101bc   0x00000018   Code   RO          246    .emb_text           sys.o
    0x200101d4   0x00000008   Code   RO          256    .emb_text           usart.o
    0x200101dc   0x00000008   Code   RO          290    .emb_text           misc.o
    0x200101e4   0x00000008   Code   RO          306    .emb_text           stm32f4xx_gpio.o
    0x200101ec   0x00000008   Code   RO          322    .emb_text           stm32f4xx_rcc.o
    0x200101f4   0x00000008   Code   RO          340    .emb_text           stm32f4xx_syscfg.o
    0x200101fc   0x00000008   Code   RO          356    .emb_text           stm32f4xx_usart.o
    0x20010204   0x00000118   Code   RO            2    .text               main.o
    0x2001031c   0x0000001a   Code   RO          146    .text               stm32f4xx_it.o
    0x20010336   0x00000002   PAD
    0x20010338   0x0000020c   Code   RO          191    .text               system_stm32f4xx.o
    0x20010544   0x00000002   Code   RO          213    .text               led.o
    0x20010546   0x00000002   PAD
    0x20010548   0x00000108   Code   RO          229    .text               delay.o
    0x20010650   0x00000168   Code   RO          257    .text               usart.o
    0x200107b8   0x00000038   Code   RO          286    .text               startup_stm32f40_41xxx.o
    0x200107f0   0x00000108   Code   RO          291    .text               misc.o
    0x200108f8   0x000002e8   Code   RO          307    .text               stm32f4xx_gpio.o
    0x20010be0   0x000006ac   Code   RO          323    .text               stm32f4xx_rcc.o
    0x2001128c   0x000000b4   Code   RO          341    .text               stm32f4xx_syscfg.o
    0x20011340   0x000004f0   Code   RO          357    .text               stm32f4xx_usart.o
    0x20011830   0x00000002   Code   RO          374    .text               c_w.l(use_no_semi_2.o)
    0x20011832   0x00000002   PAD
    0x20011834   0x00000018   Code   RO          378    .text               c_w.l(noretval__2printf.o)
    0x2001184c   0x0000006a   Code   RO          380    .text               c_w.l(__printf.o)
    0x200118b6   0x00000052   Code   RO          382    .text               c_w.l(_printf_str.o)
    0x20011908   0x00000006   Code   RO          406    .text               c_w.l(heapauxi.o)
    0x2001190e   0x00000002   Code   RO          408    .text               c_w.l(use_no_semi.o)
    0x20011910   0x0000002c   Code   RO          410    .text               c_w.l(_printf_char.o)
    0x2001193c   0x00000024   Code   RO          412    .text               c_w.l(_printf_char_file.o)
    0x20011960   0x00000030   Code   RO          415    .text               c_w.l(_printf_char_common.o)
    0x20011990   0x00000008   Code   RO          417    .text               c_w.l(ferror.o)
    0x20011998   0x00000019   Data   RO            3    .constdata          main.o


    Execution Region RW_IRAM1 (Base: 0x20012800, Size: 0x00000708, Max: 0x00001800, ABSOLUTE)

    Base Addr    Size         Type   Attr      Idx    E Section Name        Object

    0x20012800   0x00000010   Data   RW            4    .data               main.o
    0x20012810   0x00000014   Data   RW          192    .data               system_stm32f4xx.o
    0x20012824   0x00000004   Data   RW          230    .data               delay.o
    0x20012828   0x00000008   Data   RW          259    .data               usart.o
    0x20012830   0x00000010   Data   RW          324    .data               stm32f4xx_rcc.o
    0x20012840   0x000000c8   Zero   RW          258    .bss                usart.o
    0x20012908   0x00000200   Zero   RW          284    HEAP                startup_stm32f40_41xxx.o
    0x20012b08   0x00000400   Zero   RW          283    STACK               startup_stm32f40_41xxx.o


==============================================================================

Image component sizes


      Code (inc. data)   RO Data    RW Data    ZI Data      Debug   Object Name

       272          8          0          4          0       1873   delay.o
        10          0          0          0          0        863   led.o
       288         90         25         16          0     263319   main.o
       272         30          0          0          0       2217   misc.o
        56         22        392          0       1536        796   startup_stm32f40_41xxx.o
       752         44          0          0          0       4585   stm32f4xx_gpio.o
        34          0          0          0          0       1654   stm32f4xx_it.o
      1716        178          0         16          0      13504   stm32f4xx_rcc.o
       188         24          0          0          0       2313   stm32f4xx_syscfg.o
      1272         34          0          0          0       8356   stm32f4xx_usart.o
        24          0          0          0          0        632   sys.o
       532         64          0         20          0       2179   system_stm32f4xx.o
       368         16          0          8        200       3590   usart.o

    ----------------------------------------------------------------------
      5788        510        420         64       1736     305881   Object Totals
         0          0          0          0          0          0   (incl. Generated)
         4          0          3          0          0          0   (incl. Padding)

    ----------------------------------------------------------------------

      Code (inc. data)   RO Data    RW Data    ZI Data      Debug   Library Member Name

       106          0          0          0          0         84   __printf.o
         6          0          0          0          0          0   _printf_c.o
        44          0          0          0          0        108   _printf_char.o
        48          6          0          0          0         96   _printf_char_common.o
        36          4          0          0          0         80   _printf_char_file.o
         0          0          0          0          0          0   _printf_percent.o
         4          0          0          0          0          0   _printf_percent_end.o
        82          0          0          0          0         80   _printf_str.o
         8          0          0          0          0         68   ferror.o
         6          0          0          0          0        152   heapauxi.o
        24          4          0          0          0         84   noretval__2printf.o
         2          0          0          0          0         68   use_no_semi.o
         2          0          0          0          0         68   use_no_semi_2.o

    ----------------------------------------------------------------------
       372         14          0          0          0        888   Library Totals
         4          0          0          0          0          0   (incl. Padding)

    ----------------------------------------------------------------------

      Code (inc. data)   RO Data    RW Data    ZI Data      Debug   Library Name

       368         14          0          0          0        888   c_w.l

    ----------------------------------------------------------------------
       372         14          0          0          0        888   Library Totals

    ----------------------------------------------------------------------

==============================================================================


      Code (inc. data)   RO Data    RW Data    ZI Data      Debug   

      6160        524        420         64       1736     303053   Grand Totals
      6160        524        420         64       1736     303053   ELF Image Totals
      6160        524        420         64          0          0   ROM Totals

==============================================================================

    Total RO  Size (Code + RO Data)                 6580 (   6.43kB)
    Total RW  Size (RW Data + ZI Data)              1800 (   1.76kB)
    Total ROM Size (Code + RO Data + RW Data)       6644 (   6.49kB)

==============================================================================

